// Jest Snapshot v1, https://goo.gl/fbAQLP

exports[`normal normal 1`] = `
Object {
  "/etc/apt/sources.list": "# 由硬核树莓派 wizard 脚本自动生成

# tuna - 清华大学开源软件镜像站
# https://mirrors.tuna.tsinghua.edu.cn/help/raspbian/
deb http://mirrors.tuna.tsinghua.edu.cn/raspbian/raspbian/ buster main non-free contrib
deb-src http://mirrors.tuna.tsinghua.edu.cn/raspbian/raspbian/ buster main non-free contrib
deb http://mirrors.tuna.tsinghua.edu.cn/raspberrypi/ buster main ui",
  "/etc/apt/sources.list.d/raspi.list": "# 由硬核树莓派 wizard 脚本清空, 内容已备份",
}
`;